I'm sorry, but errors were detected in your script. Please correct the
errors listed below, and try again.


File "game/script.rpy", line 66: Line is indented, but the preceding unhovered statement does not expect a block. Please check this line's indentation.
    Hide("displayTextScreen")
    ^

Ren'Py Version: Ren'Py 7.4.11.2266
Wed Jun  8 18:52:30 2022
